[2m18:21:02[22m [34m[content][39m Syncing content
[2m18:21:02[22m [34m[content][39m Synced content
[2m18:21:02[22m [34m[types][39m Generated [2m496ms[22m
[2m18:21:02[22m [34m[build][39m output: [34m"static"[39m
[2m18:21:02[22m [34m[build][39m mode: [34m"static"[39m
[2m18:21:02[22m [34m[build][39m directory: [34mC:\Users\agrik\Documents\mahitimarg-astro\dist\[39m
[2m18:21:02[22m [34m[build][39m Collecting build info...
[2m18:21:02[22m [34m[build][39m [32mΓ£ô Completed in 514ms.[39m
[2m18:21:02[22m [34m[build][39m Building static entrypoints...
node.exe : [31m[1m18:21:03[22m [ERROR] 
[vite][39m [31mΓ£ù[39m Build failed in 831ms
At line:1 char:1
+ & "C:\Program Files\nodejs/node.exe" 
"C:\Program Files\nodejs/node_mo ...
+ ~~~~~~~~~~~~~~~~~~~~~~~~~~~~~~~~~~~~~~~~~~~~~~~~
~~~~~~~~~~~~~~~~~~~~~
    + CategoryInfo          : NotSpecified: ([31 
   m[1m18:21:...failed in 831ms:String) [], Rem  
  oteException
    + FullyQualifiedErrorId : NativeCommandError
 
The symbol "pageUrl" has already been declared
  [1mLocation:[22m
    [4mC:/Users/agrik/Documents/mahitimarg-astro/
src/pages/schemes/[slug].astro:78:6[24m
  [1mStack trace:[22m
[2m    at failureErrorWithLog (C:\Users\agrik\Doc
uments\mahitimarg-astro\node_modules\esbuild\lib\m
ain.js:1748:15)
    at responseCallbacks.<computed> (C:\Users\agri
k\Documents\mahitimarg-astro\node_modules\esbuild\
lib\main.js:884:9)
    at Socket.readFromStdout (C:\Users\agrik\Docum
ents\mahitimarg-astro\node_modules\esbuild\lib\mai
n.js:862:7)
    at addChunk 
(node:internal/streams/readable:559:12)
    at Readable.push 
(node:internal/streams/readable:390:5)[22m
